shreya@shreya-VirtualBox:~$ ssh bandit12@bandit.labs.overthewire.org -p 2220
                         _                     _ _ _   
                        | |__   __ _ _ __   __| (_) |_ 
                        | '_ \ / _` | '_ \ / _` | | __|
                        | |_) | (_| | | | | (_| | | |_ 
                        |_.__/ \__,_|_| |_|\__,_|_|\__|
                                                       

                      This is an OverTheWire game server. 
            More information on http://www.overthewire.org/wargames

bandit12@bandit.labs.overthewire.org's password: 

      ,----..            ,----,          .---.
     /   /   \         ,/   .`|         /. ./|
    /   .     :      ,`   .'  :     .--'.  ' ;
   .   /   ;.  \   ;    ;     /    /__./ \ : |
  .   ;   /  ` ; .'___,/    ,' .--'.  '   \' .
  ;   |  ; \ ; | |    :     | /___/ \ |    ' '
  |   :  | ; | ' ;    |.';  ; ;   \  \;      :
  .   |  ' ' ' : `----'  |  |  \   ;  `      |
  '   ;  \; /  |     '   :  ;   .   \    .\  ;
   \   \  ',  /      |   |  '    \   \   ' \ |
    ;   :    /       '   :  |     :   '  |--"
     \   \ .'        ;   |.'       \   \ ;
  www. `---` ver     '---' he       '---" ire.org


Welcome to OverTheWire!

If you find any problems, please report them to the #wargames channel on
discord or IRC.

--[ Playing the games ]--

  This machine might hold several wargames.
  If you are playing "somegame", then:

    * USERNAMES are somegame0, somegame1, ...
    * Most LEVELS are stored in /somegame/.
    * PASSWORDS for each level are stored in /etc/somegame_pass/.

  Write-access to homedirectories is disabled. It is advised to create a
  working directory with a hard-to-guess name in /tmp/.  You can use the
  command "mktemp -d" in order to generate a random and hard to guess
  directory in /tmp/.  Read-access to both /tmp/ is disabled and to /proc
  restricted so that users cannot snoop on eachother. Files and directories
  with easily guessable or short names will be periodically deleted! The /tmp
  directory is regularly wiped.
  Please play nice:

    * don't leave orphan processes running
    * don't leave exploit-files laying around
    * don't annoy other players
    * don't post passwords or spoilers
    * again, DONT POST SPOILERS!
      This includes writeups of your solution on your blog or website!

--[ Tips ]--

  This machine has a 64bit processor and many security-features enabled
  by default, although ASLR has been switched off.  The following
  compiler flags might be interesting:

    -m32                    compile for 32bit
    -fno-stack-protector    disable ProPolice
    -Wl,-z,norelro          disable relro

  In addition, the execstack tool can be used to flag the stack as
  executable on ELF binaries.

  Finally, network-access is limited for most levels by a local
  firewall.

--[ Tools ]--

 For your convenience we have installed a few useful tools which you can find
 in the following locations:

    * gef (https://github.com/hugsy/gef) in /opt/gef/
    * pwndbg (https://github.com/pwndbg/pwndbg) in /opt/pwndbg/
    * peda (https://github.com/longld/peda.git) in /opt/peda/
    * gdbinit (https://github.com/gdbinit/Gdbinit) in /opt/gdbinit/
    * pwntools (https://github.com/Gallopsled/pwntools)
    * radare2 (http://www.radare.org/)

--[ More information ]--

  For more information regarding individual wargames, visit
  http://www.overthewire.org/wargames/

  For support, questions or comments, contact us on discord or IRC.

  Enjoy your stay!

bandit12@bandit:~$ cd data.txt
-bash: cd: data.txt: Not a directory
bandit12@bandit:~$ cat data.txt
00000000: 1f8b 0808 6855 1e65 0203 6461 7461 322e  ....hU.e..data2.
00000010: 6269 6e00 013d 02c2 fd42 5a68 3931 4159  bin..=...BZh91AY
00000020: 2653 5948 1b32 0200 0019 ffff faee cff7  &SYH.2..........
00000030: f6ff e4f7 bfbc ffff bff7 ffb9 39ff 7ffb  ............9...
00000040: bd31 eeff b9fb fbbb b9bf f77f b001 3b2c  .1............;,
00000050: d100 0d03 d200 6868 0d00 0069 a00d 0340  ......hh...i...@
00000060: 1a68 00d0 0d01 a1a0 0001 a680 0003 46d4  .h............F.
00000070: 6434 3234 611a 340d 07a4 c351 068f 5000  d424a.4....Q..P.
00000080: 069a 0680 0000 0006 8006 8da4 681a 6868  ............h.hh
00000090: 0d06 8d00 6834 3400 d07a 9a00 01a0 0341  ....h44..z.....A
000000a0: ea1e a190 da40 3d10 ca68 3468 6800 00c8  .....@=..h4hh...
000000b0: 1a1a 1b50 0683 d434 d069 a0d0 3100 d000  ...P...4.i..1...
000000c0: 001e a680 00d0 1a00 d0d0 6864 d0c4 d0d0  ..........hd....
000000d0: 000c 8641 7440 0108 032e 86b4 4cf0 22bb  ...At@......L.".
000000e0: 6682 2b7e b3e2 e98d aa74 dacc 0284 330d  f.+~.....t....3.
000000f0: bbb2 9494 d332 d933 642a 3538 d27e 09ce  .....2.3d*58.~..
00000100: 53da 185a 505e aada 6c75 59a2 b342 0572  S..ZP^..luY..B.r
00000110: 249a 4600 5021 25b0 1973 c18a 6881 1bef  $.F.P!%..s..h...
00000120: 3f9b 1429 5b1d 3d87 68b5 804f 1d28 42fa  ?..)[.=.h..O.(B.
00000130: 16c2 3241 98fb 8229 e274 5a63 fe92 3aca  ..2A...).tZc..:.
00000140: 70c3 a329 d21f 41e0 5a10 08cb 888f 30df  p..)..A.Z.....0.
00000150: f3da ce85 418b 0379 6a65 cfa2 eeb7 9f01  ....A..yje......
00000160: 782c da0e 288b e0c3 fe13 7af5 45ab 2b22  x,..(.....z.E.+"
00000170: a432 bf2f e32d b9e6 1465 2296 d805 a45e  .2./.-...e"....^
00000180: d1c1 eacb 7483 6aac ca0e cf24 8864 bd40  ....t.j....$.d.@
00000190: 118c 644a 1dc6 a127 375c b7a6 c124 bdae  ..dJ...'7\...$..
000001a0: 6d31 63a0 a223 3ea0 61d4 bdf0 450f 56fb  m1c..#>.a...E.V.
000001b0: a546 8d34 08a2 4f1d 43d3 9063 404d dd43  .F.4..O.C..c@M.C
000001c0: b4f2 e65d bcb7 5932 0f5e 6802 3892 a988  ...]..Y2.^h.8...
000001d0: 443d 8e89 7e09 4fb0 499d ee4e 4470 46c0  D=..~.O.I..NDpF.
000001e0: 2ba6 7c62 234a 7f76 151b aec0 23ee 4a97  +.|b#J.v....#.J.
000001f0: bc64 e34c de8a 5724 a1c3 9b89 cd96 1879  .d.L..W$.......y
00000200: d560 0cbb 5c26 09e4 efaf 5b94 402a 7780  .`..\&....[.@*w.
00000210: 4d87 30ce b8a3 946e 72c1 a643 1db7 a060  M.0....nr..C...`
00000220: 6524 629c 0c7e 8e7b e0f8 820c d5cb 60a0  e$b..~.{......`.
00000230: 003c a584 d4c1 61ef eb02 3f65 3a54 a3a2  .<....a...?e:T..
00000240: a565 c154 34c2 b162 d206 1ff8 bb92 29c2  .e.T4..b......).
00000250: 8482 40d9 9010 b3a9 e478 3d02 0000       ..@......x=...
bandit12@bandit:~$ mkdir /tmp/s
mkdir: cannot create directory ‘/tmp/s’: File exists
bandit12@bandit:~$ xxd -r data.txt > data
-bash: data: Permission denied
bandit12@bandit:~$ mkdir /tmp/alexis
mkdir: cannot create directory ‘/tmp/alexis’: File exists
bandit12@bandit:~$ mkdir /tmp/shr3ya
bandit12@bandit:~$ cp data.txt /tmp/shr3ya
bandit12@bandit:~$ cd /tmp/shr3ya
bandit12@bandit:/tmp/shr3ya$ ls
data.txt
bandit12@bandit:/tmp/shr3ya$ xxd -r data.txt > data
bandit12@bandit:/tmp/shr3ya$ ls
data  data.txt
bandit12@bandit:/tmp/shr3ya$ file data
data: gzip compressed data, was "data2.bin", last modified: Thu Oct  5 06:19:20 2023, max compression, from Unix, original size modulo 2^32 573
bandit12@bandit:/tmp/shr3ya$ mv data  file.gz
bandit12@bandit:/tmp/shr3ya$ gzip -d file.gz
bandit12@bandit:/tmp/shr3ya$ ls
data.txt  file
bandit12@bandit:/tmp/shr3ya$ file file
file: bzip2 compressed data, block size = 900k
bandit12@bandit:/tmp/shr3ya$ mv file file.bz2
bandit12@bandit:/tmp/shr3ya$ bzip2 -d file.bz2
bandit12@bandit:/tmp/shr3ya$ ls
data.txt  file
bandit12@bandit:/tmp/shr3ya$ file file
file: gzip compressed data, was "data4.bin", last modified: Thu Oct  5 06:19:20 2023, max compression, from Unix, original size modulo 2^32 20480
bandit12@bandit:/tmp/shr3ya$ mv file file.gz
bandit12@bandit:/tmp/shr3ya$ ls
data.txt  file.gz
bandit12@bandit:/tmp/shr3ya$ gzip -d file.gz
bandit12@bandit:/tmp/shr3ya$ ls
data.txt  file
bandit12@bandit:/tmp/shr3ya$ file file
file: POSIX tar archive (GNU)
bandit12@bandit:/tmp/shr3ya$ mv file file.tar
bandit12@bandit:/tmp/shr3ya$ tar xf file.tar
bandit12@bandit:/tmp/shr3ya$ ls
data5.bin  data.txt  file.tar
bandit12@bandit:/tmp/shr3ya$ file data5.bin
data5.bin: POSIX tar archive (GNU)
bandit12@bandit:/tmp/shr3ya$ rm file.tar
bandit12@bandit:/tmp/shr3ya$ rm data
rm: cannot remove 'data': No such file or directory
bandit12@bandit:/tmp/shr3ya$ rm data.txt
bandit12@bandit:/tmp/shr3ya$ ls
data5.bin
bandit12@bandit:/tmp/shr3ya$ file file
file: cannot open `file' (No such file or directory)
bandit12@bandit:/tmp/shr3ya$ file data5.bin
data5.bin: POSIX tar archive (GNU)
bandit12@bandit:/tmp/shr3ya$ mv data5.bin data.tar
bandit12@bandit:/tmp/shr3ya$ tar xf data.tar
bandit12@bandit:/tmp/shr3ya$ ls
data6.bin  data.tar
bandit12@bandit:/tmp/shr3ya$ file data6.bin
data6.bin: bzip2 compressed data, block size = 900k
bandit12@bandit:/tmp/shr3ya$ mv data6.bin data.bz2
bandit12@bandit:/tmp/shr3ya$ bzip2 -d data.bz2
bandit12@bandit:/tmp/shr3ya$ ls
data  data.tar
bandit12@bandit:/tmp/shr3ya$ file file
file: cannot open `file' (No such file or directory)
bandit12@bandit:/tmp/shr3ya$ file data
data: POSIX tar archive (GNU)
bandit12@bandit:/tmp/shr3ya$ mv data data.tar
bandit12@bandit:/tmp/shr3ya$ ls
data.tar
bandit12@bandit:/tmp/shr3ya$ tar xf data.tar
bandit12@bandit:/tmp/shr3ya$ file data8.bin
data8.bin: gzip compressed data, was "data9.bin", last modified: Thu Oct  5 06:19:20 2023, max compression, from Unix, original size modulo 2^32 49
bandit12@bandit:/tmp/shr3ya$ mv data8.bin data.gz
bandit12@bandit:/tmp/shr3ya$ gzip -d data.gz
bandit12@bandit:/tmp/shr3ya$ ls
data  data.tar
bandit12@bandit:/tmp/shr3ya$ file data
data: ASCII text
bandit12@bandit:/tmp/shr3ya$ cat data
The password is wbWdlBxEir4CaE8LaPhauuOo6pwRmrDw
bandit12@bandit:/tmp/shr3ya$ exit
logout
Connection to bandit.labs.overthewire.org closed.
